--------------- SQLSERVER_LEGACY -> SQLSERVER ----------------
[2026-08-09 09:38:58] [INFO] [LIMPEZAORFAOSPROCESSOR]: Iniciando verificação de expurgo de órfãos na tabela tb_clientes_sem_update_1. Removidos até agora: 0 
[2026-08-09 09:38:58] [SUCCESS] [LIMPEZAORFAOSPROCESSOR]: Expurgo de órfãos concluído para tb_clientes_sem_update_1. Linhas removidas: 250. Total antes: 0. Total depois: 250. Tempo: 0.06s 
[2026-08-09 09:38:58] [INFO] [LIMPEZAORFAOSPROCESSOR]: Iniciando verificação de expurgo de órfãos na tabela tb_clientes_com_update_1. Removidos até agora: 250 
[2026-08-09 09:38:58] [SUCCESS] [LIMPEZAORFAOSPROCESSOR]: Expurgo de órfãos concluído para tb_clientes_com_update_1. Linhas removidas: 250. Total antes: 250. Total depois: 500. Tempo: 0.06s 
[2026-08-09 09:38:58] [INFO] [LIMPEZAORFAOSPROCESSOR]: Iniciando verificação de expurgo de órfãos na tabela tb_clientes_sem_update_2. Removidos até agora: 500 
[2026-08-09 09:38:58] [SUCCESS] [LIMPEZAORFAOSPROCESSOR]: Expurgo de órfãos concluído para tb_clientes_sem_update_2. Linhas removidas: 1250. Total antes: 500. Total depois: 1750. Tempo: 0.13s 
[2026-08-09 09:38:58] [INFO] [LIMPEZAORFAOSPROCESSOR]: Iniciando verificação de expurgo de órfãos na tabela tb_clientes_com_update_2. Removidos até agora: 1750 
[2026-08-09 09:38:58] [SUCCESS] [LIMPEZAORFAOSPROCESSOR]: Expurgo de órfãos concluído para tb_clientes_com_update_2. Linhas removidas: 1250. Total antes: 1750. Total depois: 3000. Tempo: 0.18s 
[2026-08-09 09:38:58] [INFO] [LIMPEZAORFAOSPROCESSOR]: Iniciando verificação de expurgo de órfãos na tabela tb_clientes_sem_update_3. Removidos até agora: 3000 
[2026-08-09 09:38:59] [SUCCESS] [LIMPEZAORFAOSPROCESSOR]: Expurgo de órfãos concluído para tb_clientes_sem_update_3. Linhas removidas: 2500. Total antes: 3000. Total depois: 5500. Tempo: 0.28s 
[2026-08-09 09:38:59] [INFO] [LIMPEZAORFAOSPROCESSOR]: Iniciando verificação de expurgo de órfãos na tabela tb_clientes_com_update_3. Removidos até agora: 5500 
[2026-08-09 09:38:59] [SUCCESS] [LIMPEZAORFAOSPROCESSOR]: Expurgo de órfãos concluído para tb_clientes_com_update_3. Linhas removidas: 2500. Total antes: 5500. Total depois: 8000. Tempo: 0.25s 
[2026-08-09 09:38:59] [SUCCESS] [LIMPEZAORFAOSPROCESSOR]: Expurgo de órfãos concluído com sucesso. Registros removidos: 8000. Tempo: 1.18s | Detalhes: {"tempo_segundos":1.18,"total_removidos":8000,"detalhes":[{"banco":"teste","tabela":"tb_clientes_sem_update_1","status":"SUCESSO","linhas_removidas":250,"tempo_segundos":0.06},{"banco":"teste","tabela":"tb_clientes_com_update_1","status":"SUCESSO","linhas_removidas":250,"tempo_segundos":0.06},{"banco":"teste","tabela":"tb_clientes_sem_update_2","status":"SUCESSO","linhas_removidas":1250,"tempo_segundos":0.13},{"banco":"teste","tabela":"tb_clientes_com_update_2","status":"SUCESSO","linhas_removidas":1250,"tempo_segundos":0.18},{"banco":"teste","tabela":"tb_clientes_sem_update_3","status":"SUCESSO","linhas_removidas":2500,"tempo_segundos":0.28},{"banco":"teste","tabela":"tb_clientes_com_update_3","status":"SUCESSO","linhas_removidas":2500,"tempo_segundos":0.25}]}

--------------- SQLSERVER_LEGACY -> MYSQL ----------------

[2026-08-09 09:40:21] [INFO] [LIMPEZAORFAOSPROCESSOR]: Iniciando verificação de expurgo de órfãos na tabela tb_clientes_sem_update_1. Removidos até agora: 0 
[2026-08-09 09:40:21] [SUCCESS] [LIMPEZAORFAOSPROCESSOR]: Expurgo de órfãos concluído para tb_clientes_sem_update_1. Linhas removidas: 250. Total antes: 0. Total depois: 250. Tempo: 0.06s 
[2026-08-09 09:40:21] [INFO] [LIMPEZAORFAOSPROCESSOR]: Iniciando verificação de expurgo de órfãos na tabela tb_clientes_com_update_1. Removidos até agora: 250 
[2026-08-09 09:40:21] [SUCCESS] [LIMPEZAORFAOSPROCESSOR]: Expurgo de órfãos concluído para tb_clientes_com_update_1. Linhas removidas: 250. Total antes: 250. Total depois: 500. Tempo: 0.07s 
[2026-08-09 09:40:21] [INFO] [LIMPEZAORFAOSPROCESSOR]: Iniciando verificação de expurgo de órfãos na tabela tb_clientes_sem_update_2. Removidos até agora: 500 
[2026-08-09 09:40:21] [SUCCESS] [LIMPEZAORFAOSPROCESSOR]: Expurgo de órfãos concluído para tb_clientes_sem_update_2. Linhas removidas: 1250. Total antes: 500. Total depois: 1750. Tempo: 0.13s 
[2026-08-09 09:40:21] [INFO] [LIMPEZAORFAOSPROCESSOR]: Iniciando verificação de expurgo de órfãos na tabela tb_clientes_com_update_2. Removidos até agora: 1750 
[2026-08-09 09:40:21] [SUCCESS] [LIMPEZAORFAOSPROCESSOR]: Expurgo de órfãos concluído para tb_clientes_com_update_2. Linhas removidas: 1250. Total antes: 1750. Total depois: 3000. Tempo: 0.12s 
[2026-08-09 09:40:21] [INFO] [LIMPEZAORFAOSPROCESSOR]: Iniciando verificação de expurgo de órfãos na tabela tb_clientes_sem_update_3. Removidos até agora: 3000 
[2026-08-09 09:40:21] [SUCCESS] [LIMPEZAORFAOSPROCESSOR]: Expurgo de órfãos concluído para tb_clientes_sem_update_3. Linhas removidas: 2500. Total antes: 3000. Total depois: 5500. Tempo: 0.14s 
[2026-08-09 09:40:21] [INFO] [LIMPEZAORFAOSPROCESSOR]: Iniciando verificação de expurgo de órfãos na tabela tb_clientes_com_update_3. Removidos até agora: 5500 
[2026-08-09 09:40:21] [SUCCESS] [LIMPEZAORFAOSPROCESSOR]: Expurgo de órfãos concluído para tb_clientes_com_update_3. Linhas removidas: 2500. Total antes: 5500. Total depois: 8000. Tempo: 0.23s 
[2026-08-09 09:40:21] [SUCCESS] [LIMPEZAORFAOSPROCESSOR]: Expurgo de órfãos concluído com sucesso. Registros removidos: 8000. Tempo: 1.02s | Detalhes: {"tempo_segundos":1.02,"total_removidos":8000,"detalhes":[{"banco":"teste","tabela":"tb_clientes_sem_update_1","status":"SUCESSO","linhas_removidas":250,"tempo_segundos":0.06},{"banco":"teste","tabela":"tb_clientes_com_update_1","status":"SUCESSO","linhas_removidas":250,"tempo_segundos":0.07},{"banco":"teste","tabela":"tb_clientes_sem_update_2","status":"SUCESSO","linhas_removidas":1250,"tempo_segundos":0.13},{"banco":"teste","tabela":"tb_clientes_com_update_2","status":"SUCESSO","linhas_removidas":1250,"tempo_segundos":0.12},{"banco":"teste","tabela":"tb_clientes_sem_update_3","status":"SUCESSO","linhas_removidas":2500,"tempo_segundos":0.14},{"banco":"teste","tabela":"tb_clientes_com_update_3","status":"SUCESSO","linhas_removidas":2500,"tempo_segundos":0.23}]}

--------------- SQLSERVER_LEGACY -> POSTGRES ----------------
[2026-08-09 09:41:23] [INFO] [LIMPEZAORFAOSPROCESSOR]: Iniciando verificação de expurgo de órfãos na tabela tb_clientes_sem_update_1. Removidos até agora: 0 
[2026-08-09 09:41:23] [SUCCESS] [LIMPEZAORFAOSPROCESSOR]: Expurgo de órfãos concluído para tb_clientes_sem_update_1. Linhas removidas: 250. Total antes: 0. Total depois: 250. Tempo: 0.05s 
[2026-08-09 09:41:23] [INFO] [LIMPEZAORFAOSPROCESSOR]: Iniciando verificação de expurgo de órfãos na tabela tb_clientes_com_update_1. Removidos até agora: 250 
[2026-08-09 09:41:23] [SUCCESS] [LIMPEZAORFAOSPROCESSOR]: Expurgo de órfãos concluído para tb_clientes_com_update_1. Linhas removidas: 250. Total antes: 250. Total depois: 500. Tempo: 0.05s 
[2026-08-09 09:41:23] [INFO] [LIMPEZAORFAOSPROCESSOR]: Iniciando verificação de expurgo de órfãos na tabela tb_clientes_sem_update_2. Removidos até agora: 500 
[2026-08-09 09:41:23] [SUCCESS] [LIMPEZAORFAOSPROCESSOR]: Expurgo de órfãos concluído para tb_clientes_sem_update_2. Linhas removidas: 1250. Total antes: 500. Total depois: 1750. Tempo: 0.1s 
[2026-08-09 09:41:23] [INFO] [LIMPEZAORFAOSPROCESSOR]: Iniciando verificação de expurgo de órfãos na tabela tb_clientes_com_update_2. Removidos até agora: 1750 
[2026-08-09 09:41:23] [SUCCESS] [LIMPEZAORFAOSPROCESSOR]: Expurgo de órfãos concluído para tb_clientes_com_update_2. Linhas removidas: 1250. Total antes: 1750. Total depois: 3000. Tempo: 0.1s 
[2026-08-09 09:41:23] [INFO] [LIMPEZAORFAOSPROCESSOR]: Iniciando verificação de expurgo de órfãos na tabela tb_clientes_sem_update_3. Removidos até agora: 3000 
[2026-08-09 09:41:23] [SUCCESS] [LIMPEZAORFAOSPROCESSOR]: Expurgo de órfãos concluído para tb_clientes_sem_update_3. Linhas removidas: 2500. Total antes: 3000. Total depois: 5500. Tempo: 0.15s 
[2026-08-09 09:41:23] [INFO] [LIMPEZAORFAOSPROCESSOR]: Iniciando verificação de expurgo de órfãos na tabela tb_clientes_com_update_3. Removidos até agora: 5500 
[2026-08-09 09:41:24] [SUCCESS] [LIMPEZAORFAOSPROCESSOR]: Expurgo de órfãos concluído para tb_clientes_com_update_3. Linhas removidas: 2500. Total antes: 5500. Total depois: 8000. Tempo: 0.18s 
[2026-08-09 09:41:24] [SUCCESS] [LIMPEZAORFAOSPROCESSOR]: Expurgo de órfãos concluído com sucesso. Registros removidos: 8000. Tempo: 0.84s | Detalhes: {"tempo_segundos":0.84,"total_removidos":8000,"detalhes":[{"banco":"teste","tabela":"tb_clientes_sem_update_1","status":"SUCESSO","linhas_removidas":250,"tempo_segundos":0.05},{"banco":"teste","tabela":"tb_clientes_com_update_1","status":"SUCESSO","linhas_removidas":250,"tempo_segundos":0.05},{"banco":"teste","tabela":"tb_clientes_sem_update_2","status":"SUCESSO","linhas_removidas":1250,"tempo_segundos":0.1},{"banco":"teste","tabela":"tb_clientes_com_update_2","status":"SUCESSO","linhas_removidas":1250,"tempo_segundos":0.1},{"banco":"teste","tabela":"tb_clientes_sem_update_3","status":"SUCESSO","linhas_removidas":2500,"tempo_segundos":0.15},{"banco":"teste","tabela":"tb_clientes_com_update_3","status":"SUCESSO","linhas_removidas":2500,"tempo_segundos":0.18}]}


--------------- POSTGRES -> SQLSERVER ----------------

[2026-08-09 09:47:42] [INFO] [LIMPEZAORFAOSPROCESSOR]: Iniciando verificação de expurgo de órfãos na tabela tb_clientes_sem_update_1. Removidos até agora: 0 
[2026-08-09 09:47:42] [SUCCESS] [LIMPEZAORFAOSPROCESSOR]: Expurgo de órfãos concluído para tb_clientes_sem_update_1. Linhas removidas: 250. Total antes: 0. Total depois: 250. Tempo: 0.05s 
[2026-08-09 09:47:42] [INFO] [LIMPEZAORFAOSPROCESSOR]: Iniciando verificação de expurgo de órfãos na tabela tb_clientes_com_update_1. Removidos até agora: 250 
[2026-08-09 09:47:42] [SUCCESS] [LIMPEZAORFAOSPROCESSOR]: Expurgo de órfãos concluído para tb_clientes_com_update_1. Linhas removidas: 250. Total antes: 250. Total depois: 500. Tempo: 0.07s 
[2026-08-09 09:47:42] [INFO] [LIMPEZAORFAOSPROCESSOR]: Iniciando verificação de expurgo de órfãos na tabela tb_clientes_sem_update_2. Removidos até agora: 500 
[2026-08-09 09:47:42] [SUCCESS] [LIMPEZAORFAOSPROCESSOR]: Expurgo de órfãos concluído para tb_clientes_sem_update_2. Linhas removidas: 1250. Total antes: 500. Total depois: 1750. Tempo: 0.17s 
[2026-08-09 09:47:42] [INFO] [LIMPEZAORFAOSPROCESSOR]: Iniciando verificação de expurgo de órfãos na tabela tb_clientes_com_update_2. Removidos até agora: 1750 
[2026-08-09 09:47:43] [SUCCESS] [LIMPEZAORFAOSPROCESSOR]: Expurgo de órfãos concluído para tb_clientes_com_update_2. Linhas removidas: 1250. Total antes: 1750. Total depois: 3000. Tempo: 0.17s 
[2026-08-09 09:47:43] [INFO] [LIMPEZAORFAOSPROCESSOR]: Iniciando verificação de expurgo de órfãos na tabela tb_clientes_sem_update_3. Removidos até agora: 3000 
[2026-08-09 09:47:43] [SUCCESS] [LIMPEZAORFAOSPROCESSOR]: Expurgo de órfãos concluído para tb_clientes_sem_update_3. Linhas removidas: 2500. Total antes: 3000. Total depois: 5500. Tempo: 0.28s 
[2026-08-09 09:47:43] [INFO] [LIMPEZAORFAOSPROCESSOR]: Iniciando verificação de expurgo de órfãos na tabela tb_clientes_com_update_3. Removidos até agora: 5500 
[2026-08-09 09:47:43] [SUCCESS] [LIMPEZAORFAOSPROCESSOR]: Expurgo de órfãos concluído para tb_clientes_com_update_3. Linhas removidas: 2500. Total antes: 5500. Total depois: 8000. Tempo: 0.22s 
[2026-08-09 09:47:43] [SUCCESS] [LIMPEZAORFAOSPROCESSOR]: Expurgo de órfãos concluído com sucesso. Registros removidos: 8000. Tempo: 1.17s | Detalhes: {"tempo_segundos":1.17,"total_removidos":8000,"detalhes":[{"banco":"teste","tabela":"tb_clientes_sem_update_1","status":"SUCESSO","linhas_removidas":250,"tempo_segundos":0.05},{"banco":"teste","tabela":"tb_clientes_com_update_1","status":"SUCESSO","linhas_removidas":250,"tempo_segundos":0.07},{"banco":"teste","tabela":"tb_clientes_sem_update_2","status":"SUCESSO","linhas_removidas":1250,"tempo_segundos":0.17},{"banco":"teste","tabela":"tb_clientes_com_update_2","status":"SUCESSO","linhas_removidas":1250,"tempo_segundos":0.17},{"banco":"teste","tabela":"tb_clientes_sem_update_3","status":"SUCESSO","linhas_removidas":2500,"tempo_segundos":0.28},{"banco":"teste","tabela":"tb_clientes_com_update_3","status":"SUCESSO","linhas_removidas":2500,"tempo_segundos":0.22}]}

--------------- POSTGRES -> POSTGRES ----------------

[2026-08-09 09:49:02] [INFO] [LIMPEZAORFAOSPROCESSOR]: Iniciando verificação de expurgo de órfãos na tabela tb_clientes_sem_update_1. Removidos até agora: 0 
[2026-08-09 09:49:02] [SUCCESS] [LIMPEZAORFAOSPROCESSOR]: Expurgo de órfãos concluído para tb_clientes_sem_update_1. Linhas removidas: 250. Total antes: 0. Total depois: 250. Tempo: 0.03s 
[2026-08-09 09:49:02] [INFO] [LIMPEZAORFAOSPROCESSOR]: Iniciando verificação de expurgo de órfãos na tabela tb_clientes_com_update_1. Removidos até agora: 250 
[2026-08-09 09:49:02] [SUCCESS] [LIMPEZAORFAOSPROCESSOR]: Expurgo de órfãos concluído para tb_clientes_com_update_1. Linhas removidas: 250. Total antes: 250. Total depois: 500. Tempo: 0.04s 
[2026-08-09 09:49:02] [INFO] [LIMPEZAORFAOSPROCESSOR]: Iniciando verificação de expurgo de órfãos na tabela tb_clientes_sem_update_2. Removidos até agora: 500 
[2026-08-09 09:49:02] [SUCCESS] [LIMPEZAORFAOSPROCESSOR]: Expurgo de órfãos concluído para tb_clientes_sem_update_2. Linhas removidas: 1250. Total antes: 500. Total depois: 1750. Tempo: 0.1s 
[2026-08-09 09:49:02] [INFO] [LIMPEZAORFAOSPROCESSOR]: Iniciando verificação de expurgo de órfãos na tabela tb_clientes_com_update_2. Removidos até agora: 1750 
[2026-08-09 09:49:02] [SUCCESS] [LIMPEZAORFAOSPROCESSOR]: Expurgo de órfãos concluído para tb_clientes_com_update_2. Linhas removidas: 1250. Total antes: 1750. Total depois: 3000. Tempo: 0.06s 
[2026-08-09 09:49:02] [INFO] [LIMPEZAORFAOSPROCESSOR]: Iniciando verificação de expurgo de órfãos na tabela tb_clientes_sem_update_3. Removidos até agora: 3000 
[2026-08-09 09:49:02] [SUCCESS] [LIMPEZAORFAOSPROCESSOR]: Expurgo de órfãos concluído para tb_clientes_sem_update_3. Linhas removidas: 2500. Total antes: 3000. Total depois: 5500. Tempo: 0.13s 
[2026-08-09 09:49:02] [INFO] [LIMPEZAORFAOSPROCESSOR]: Iniciando verificação de expurgo de órfãos na tabela tb_clientes_com_update_3. Removidos até agora: 5500 
[2026-08-09 09:49:02] [SUCCESS] [LIMPEZAORFAOSPROCESSOR]: Expurgo de órfãos concluído para tb_clientes_com_update_3. Linhas removidas: 2500. Total antes: 5500. Total depois: 8000. Tempo: 0.14s 
[2026-08-09 09:49:02] [SUCCESS] [LIMPEZAORFAOSPROCESSOR]: Expurgo de órfãos concluído com sucesso. Registros removidos: 8000. Tempo: 0.7s | Detalhes: {"tempo_segundos":0.7,"total_removidos":8000,"detalhes":[{"banco":"teste","tabela":"tb_clientes_sem_update_1","status":"SUCESSO","linhas_removidas":250,"tempo_segundos":0.03},{"banco":"teste","tabela":"tb_clientes_com_update_1","status":"SUCESSO","linhas_removidas":250,"tempo_segundos":0.04},{"banco":"teste","tabela":"tb_clientes_sem_update_2","status":"SUCESSO","linhas_removidas":1250,"tempo_segundos":0.1},{"banco":"teste","tabela":"tb_clientes_com_update_2","status":"SUCESSO","linhas_removidas":1250,"tempo_segundos":0.06},{"banco":"teste","tabela":"tb_clientes_sem_update_3","status":"SUCESSO","linhas_removidas":2500,"tempo_segundos":0.13},{"banco":"teste","tabela":"tb_clientes_com_update_3","status":"SUCESSO","linhas_removidas":2500,"tempo_segundos":0.14}]}

--------------- POSTGRES -> MYSQL ----------------
[2026-08-09 09:49:33] [INFO] [LIMPEZAORFAOSPROCESSOR]: Iniciando verificação de expurgo de órfãos na tabela tb_clientes_sem_update_1. Removidos até agora: 0 
[2026-08-09 09:49:33] [SUCCESS] [LIMPEZAORFAOSPROCESSOR]: Expurgo de órfãos concluído para tb_clientes_sem_update_1. Linhas removidas: 250. Total antes: 0. Total depois: 250. Tempo: 0.04s 
[2026-08-09 09:49:33] [INFO] [LIMPEZAORFAOSPROCESSOR]: Iniciando verificação de expurgo de órfãos na tabela tb_clientes_com_update_1. Removidos até agora: 250 
[2026-08-09 09:49:33] [SUCCESS] [LIMPEZAORFAOSPROCESSOR]: Expurgo de órfãos concluído para tb_clientes_com_update_1. Linhas removidas: 250. Total antes: 250. Total depois: 500. Tempo: 0.05s 
[2026-08-09 09:49:33] [INFO] [LIMPEZAORFAOSPROCESSOR]: Iniciando verificação de expurgo de órfãos na tabela tb_clientes_sem_update_2. Removidos até agora: 500 
[2026-08-09 09:49:33] [SUCCESS] [LIMPEZAORFAOSPROCESSOR]: Expurgo de órfãos concluído para tb_clientes_sem_update_2. Linhas removidas: 1250. Total antes: 500. Total depois: 1750. Tempo: 0.1s 
[2026-08-09 09:49:33] [INFO] [LIMPEZAORFAOSPROCESSOR]: Iniciando verificação de expurgo de órfãos na tabela tb_clientes_com_update_2. Removidos até agora: 1750 
[2026-08-09 09:49:33] [SUCCESS] [LIMPEZAORFAOSPROCESSOR]: Expurgo de órfãos concluído para tb_clientes_com_update_2. Linhas removidas: 1250. Total antes: 1750. Total depois: 3000. Tempo: 0.09s 
[2026-08-09 09:49:33] [INFO] [LIMPEZAORFAOSPROCESSOR]: Iniciando verificação de expurgo de órfãos na tabela tb_clientes_sem_update_3. Removidos até agora: 3000 
[2026-08-09 09:49:33] [SUCCESS] [LIMPEZAORFAOSPROCESSOR]: Expurgo de órfãos concluído para tb_clientes_sem_update_3. Linhas removidas: 2500. Total antes: 3000. Total depois: 5500. Tempo: 0.16s 
[2026-08-09 09:49:33] [INFO] [LIMPEZAORFAOSPROCESSOR]: Iniciando verificação de expurgo de órfãos na tabela tb_clientes_com_update_3. Removidos até agora: 5500 
[2026-08-09 09:49:33] [SUCCESS] [LIMPEZAORFAOSPROCESSOR]: Expurgo de órfãos concluído para tb_clientes_com_update_3. Linhas removidas: 2500. Total antes: 5500. Total depois: 8000. Tempo: 0.11s 
[2026-08-09 09:49:33] [SUCCESS] [LIMPEZAORFAOSPROCESSOR]: Expurgo de órfãos concluído com sucesso. Registros removidos: 8000. Tempo: 0.73s | Detalhes: {"tempo_segundos":0.73,"total_removidos":8000,"detalhes":[{"banco":"teste","tabela":"tb_clientes_sem_update_1","status":"SUCESSO","linhas_removidas":250,"tempo_segundos":0.04},{"banco":"teste","tabela":"tb_clientes_com_update_1","status":"SUCESSO","linhas_removidas":250,"tempo_segundos":0.05},{"banco":"teste","tabela":"tb_clientes_sem_update_2","status":"SUCESSO","linhas_removidas":1250,"tempo_segundos":0.1},{"banco":"teste","tabela":"tb_clientes_com_update_2","status":"SUCESSO","linhas_removidas":1250,"tempo_segundos":0.09},{"banco":"teste","tabela":"tb_clientes_sem_update_3","status":"SUCESSO","linhas_removidas":2500,"tempo_segundos":0.16},{"banco":"teste","tabela":"tb_clientes_com_update_3","status":"SUCESSO","linhas_removidas":2500,"tempo_segundos":0.11}]}

--------------- MYSQL -> SQLSERVER ----------------

[2026-08-09 09:54:33] [INFO] [LIMPEZAORFAOSPROCESSOR]: Iniciando verificação de expurgo de órfãos na tabela tb_clientes_sem_update_1. Removidos até agora: 0 
[2026-08-09 09:54:33] [SUCCESS] [LIMPEZAORFAOSPROCESSOR]: Expurgo de órfãos concluído para tb_clientes_sem_update_1. Linhas removidas: 250. Total antes: 0. Total depois: 250. Tempo: 0.04s 
[2026-08-09 09:54:33] [INFO] [LIMPEZAORFAOSPROCESSOR]: Iniciando verificação de expurgo de órfãos na tabela tb_clientes_com_update_1. Removidos até agora: 250 
[2026-08-09 09:54:33] [SUCCESS] [LIMPEZAORFAOSPROCESSOR]: Expurgo de órfãos concluído para tb_clientes_com_update_1. Linhas removidas: 250. Total antes: 250. Total depois: 500. Tempo: 0.06s 
[2026-08-09 09:54:33] [INFO] [LIMPEZAORFAOSPROCESSOR]: Iniciando verificação de expurgo de órfãos na tabela tb_clientes_sem_update_2. Removidos até agora: 500 
[2026-08-09 09:54:33] [SUCCESS] [LIMPEZAORFAOSPROCESSOR]: Expurgo de órfãos concluído para tb_clientes_sem_update_2. Linhas removidas: 1250. Total antes: 500. Total depois: 1750. Tempo: 0.12s 
[2026-08-09 09:54:33] [INFO] [LIMPEZAORFAOSPROCESSOR]: Iniciando verificação de expurgo de órfãos na tabela tb_clientes_com_update_2. Removidos até agora: 1750 
[2026-08-09 09:54:33] [SUCCESS] [LIMPEZAORFAOSPROCESSOR]: Expurgo de órfãos concluído para tb_clientes_com_update_2. Linhas removidas: 1250. Total antes: 1750. Total depois: 3000. Tempo: 0.17s 
[2026-08-09 09:54:33] [INFO] [LIMPEZAORFAOSPROCESSOR]: Iniciando verificação de expurgo de órfãos na tabela tb_clientes_sem_update_3. Removidos até agora: 3000 
[2026-08-09 09:54:33] [SUCCESS] [LIMPEZAORFAOSPROCESSOR]: Expurgo de órfãos concluído para tb_clientes_sem_update_3. Linhas removidas: 2500. Total antes: 3000. Total depois: 5500. Tempo: 0.27s 
[2026-08-09 09:54:33] [INFO] [LIMPEZAORFAOSPROCESSOR]: Iniciando verificação de expurgo de órfãos na tabela tb_clientes_com_update_3. Removidos até agora: 5500 
[2026-08-09 09:54:33] [SUCCESS] [LIMPEZAORFAOSPROCESSOR]: Expurgo de órfãos concluído para tb_clientes_com_update_3. Linhas removidas: 2500. Total antes: 5500. Total depois: 8000. Tempo: 0.2s 
[2026-08-09 09:54:33] [SUCCESS] [LIMPEZAORFAOSPROCESSOR]: Expurgo de órfãos concluído com sucesso. Registros removidos: 8000. Tempo: 1.07s | Detalhes: {"tempo_segundos":1.07,"total_removidos":8000,"detalhes":[{"banco":"teste","tabela":"tb_clientes_sem_update_1","status":"SUCESSO","linhas_removidas":250,"tempo_segundos":0.04},{"banco":"teste","tabela":"tb_clientes_com_update_1","status":"SUCESSO","linhas_removidas":250,"tempo_segundos":0.06},{"banco":"teste","tabela":"tb_clientes_sem_update_2","status":"SUCESSO","linhas_removidas":1250,"tempo_segundos":0.12},{"banco":"teste","tabela":"tb_clientes_com_update_2","status":"SUCESSO","linhas_removidas":1250,"tempo_segundos":0.17},{"banco":"teste","tabela":"tb_clientes_sem_update_3","status":"SUCESSO","linhas_removidas":2500,"tempo_segundos":0.27},{"banco":"teste","tabela":"tb_clientes_com_update_3","status":"SUCESSO","linhas_removidas":2500,"tempo_segundos":0.2}]}

--------------- MYSQL -> POSTGRES ----------------
[2026-08-09 09:54:59] [INFO] [LIMPEZAORFAOSPROCESSOR]: Iniciando verificação de expurgo de órfãos na tabela tb_clientes_sem_update_1. Removidos até agora: 0 
[2026-08-09 09:54:59] [SUCCESS] [LIMPEZAORFAOSPROCESSOR]: Expurgo de órfãos concluído para tb_clientes_sem_update_1. Linhas removidas: 250. Total antes: 0. Total depois: 250. Tempo: 0.02s 
[2026-08-09 09:54:59] [INFO] [LIMPEZAORFAOSPROCESSOR]: Iniciando verificação de expurgo de órfãos na tabela tb_clientes_com_update_1. Removidos até agora: 250 
[2026-08-09 09:54:59] [SUCCESS] [LIMPEZAORFAOSPROCESSOR]: Expurgo de órfãos concluído para tb_clientes_com_update_1. Linhas removidas: 250. Total antes: 250. Total depois: 500. Tempo: 0.03s 
[2026-08-09 09:54:59] [INFO] [LIMPEZAORFAOSPROCESSOR]: Iniciando verificação de expurgo de órfãos na tabela tb_clientes_sem_update_2. Removidos até agora: 500 
[2026-08-09 09:54:59] [SUCCESS] [LIMPEZAORFAOSPROCESSOR]: Expurgo de órfãos concluído para tb_clientes_sem_update_2. Linhas removidas: 1250. Total antes: 500. Total depois: 1750. Tempo: 0.06s 
[2026-08-09 09:54:59] [INFO] [LIMPEZAORFAOSPROCESSOR]: Iniciando verificação de expurgo de órfãos na tabela tb_clientes_com_update_2. Removidos até agora: 1750 
[2026-08-09 09:54:59] [SUCCESS] [LIMPEZAORFAOSPROCESSOR]: Expurgo de órfãos concluído para tb_clientes_com_update_2. Linhas removidas: 1250. Total antes: 1750. Total depois: 3000. Tempo: 0.08s 
[2026-08-09 09:54:59] [INFO] [LIMPEZAORFAOSPROCESSOR]: Iniciando verificação de expurgo de órfãos na tabela tb_clientes_sem_update_3. Removidos até agora: 3000 
[2026-08-09 09:54:59] [SUCCESS] [LIMPEZAORFAOSPROCESSOR]: Expurgo de órfãos concluído para tb_clientes_sem_update_3. Linhas removidas: 2500. Total antes: 3000. Total depois: 5500. Tempo: 0.14s 
[2026-08-09 09:54:59] [INFO] [LIMPEZAORFAOSPROCESSOR]: Iniciando verificação de expurgo de órfãos na tabela tb_clientes_com_update_3. Removidos até agora: 5500 
[2026-08-09 09:54:59] [SUCCESS] [LIMPEZAORFAOSPROCESSOR]: Expurgo de órfãos concluído para tb_clientes_com_update_3. Linhas removidas: 2500. Total antes: 5500. Total depois: 8000. Tempo: 0.09s 
[2026-08-09 09:54:59] [SUCCESS] [LIMPEZAORFAOSPROCESSOR]: Expurgo de órfãos concluído com sucesso. Registros removidos: 8000. Tempo: 0.6s | Detalhes: {"tempo_segundos":0.6,"total_removidos":8000,"detalhes":[{"banco":"teste","tabela":"tb_clientes_sem_update_1","status":"SUCESSO","linhas_removidas":250,"tempo_segundos":0.02},{"banco":"teste","tabela":"tb_clientes_com_update_1","status":"SUCESSO","linhas_removidas":250,"tempo_segundos":0.03},{"banco":"teste","tabela":"tb_clientes_sem_update_2","status":"SUCESSO","linhas_removidas":1250,"tempo_segundos":0.06},{"banco":"teste","tabela":"tb_clientes_com_update_2","status":"SUCESSO","linhas_removidas":1250,"tempo_segundos":0.08},{"banco":"teste","tabela":"tb_clientes_sem_update_3","status":"SUCESSO","linhas_removidas":2500,"tempo_segundos":0.14},{"banco":"teste","tabela":"tb_clientes_com_update_3","status":"SUCESSO","linhas_removidas":2500,"tempo_segundos":0.09}]}

--------------- MYSQL -> MYSQL ----------------
[2026-08-09 09:55:27] [INFO] [LIMPEZAORFAOSPROCESSOR]: Iniciando verificação de expurgo de órfãos na tabela tb_clientes_sem_update_1. Removidos até agora: 0 
[2026-08-09 09:55:27] [SUCCESS] [LIMPEZAORFAOSPROCESSOR]: Expurgo de órfãos concluído para tb_clientes_sem_update_1. Linhas removidas: 250. Total antes: 0. Total depois: 250. Tempo: 0.04s 
[2026-08-09 09:55:27] [INFO] [LIMPEZAORFAOSPROCESSOR]: Iniciando verificação de expurgo de órfãos na tabela tb_clientes_com_update_1. Removidos até agora: 250 
[2026-08-09 09:55:27] [SUCCESS] [LIMPEZAORFAOSPROCESSOR]: Expurgo de órfãos concluído para tb_clientes_com_update_1. Linhas removidas: 250. Total antes: 250. Total depois: 500. Tempo: 0.04s 
[2026-08-09 09:55:27] [INFO] [LIMPEZAORFAOSPROCESSOR]: Iniciando verificação de expurgo de órfãos na tabela tb_clientes_sem_update_2. Removidos até agora: 500 
[2026-08-09 09:55:27] [SUCCESS] [LIMPEZAORFAOSPROCESSOR]: Expurgo de órfãos concluído para tb_clientes_sem_update_2. Linhas removidas: 1250. Total antes: 500. Total depois: 1750. Tempo: 0.12s 
[2026-08-09 09:55:27] [INFO] [LIMPEZAORFAOSPROCESSOR]: Iniciando verificação de expurgo de órfãos na tabela tb_clientes_com_update_2. Removidos até agora: 1750 
[2026-08-09 09:55:27] [SUCCESS] [LIMPEZAORFAOSPROCESSOR]: Expurgo de órfãos concluído para tb_clientes_com_update_2. Linhas removidas: 1250. Total antes: 1750. Total depois: 3000. Tempo: 0.09s 
[2026-08-09 09:55:27] [INFO] [LIMPEZAORFAOSPROCESSOR]: Iniciando verificação de expurgo de órfãos na tabela tb_clientes_sem_update_3. Removidos até agora: 3000 
[2026-08-09 09:55:27] [SUCCESS] [LIMPEZAORFAOSPROCESSOR]: Expurgo de órfãos concluído para tb_clientes_sem_update_3. Linhas removidas: 2500. Total antes: 3000. Total depois: 5500. Tempo: 0.17s 
[2026-08-09 09:55:27] [INFO] [LIMPEZAORFAOSPROCESSOR]: Iniciando verificação de expurgo de órfãos na tabela tb_clientes_com_update_3. Removidos até agora: 5500 
[2026-08-09 09:55:27] [SUCCESS] [LIMPEZAORFAOSPROCESSOR]: Expurgo de órfãos concluído para tb_clientes_com_update_3. Linhas removidas: 2500. Total antes: 5500. Total depois: 8000. Tempo: 0.14s 
[2026-08-09 09:55:27] [SUCCESS] [LIMPEZAORFAOSPROCESSOR]: Expurgo de órfãos concluído com sucesso. Registros removidos: 8000. Tempo: 0.79s | Detalhes: {"tempo_segundos":0.79,"total_removidos":8000,"detalhes":[{"banco":"teste","tabela":"tb_clientes_sem_update_1","status":"SUCESSO","linhas_removidas":250,"tempo_segundos":0.04},{"banco":"teste","tabela":"tb_clientes_com_update_1","status":"SUCESSO","linhas_removidas":250,"tempo_segundos":0.04},{"banco":"teste","tabela":"tb_clientes_sem_update_2","status":"SUCESSO","linhas_removidas":1250,"tempo_segundos":0.12},{"banco":"teste","tabela":"tb_clientes_com_update_2","status":"SUCESSO","linhas_removidas":1250,"tempo_segundos":0.09},{"banco":"teste","tabela":"tb_clientes_sem_update_3","status":"SUCESSO","linhas_removidas":2500,"tempo_segundos":0.17},{"banco":"teste","tabela":"tb_clientes_com_update_3","status":"SUCESSO","linhas_removidas":2500,"tempo_segundos":0.14}]}
