[2026-06-07 17:49:45] [SUCCESS] [DataSyncProcessor -> secretarias]: Sincronização executada. (Registros processados: 1 de um lote de 1)
[2026-06-07 17:51:47] [SUCCESS] [DataSyncProcessor -> secretarias]: Sincronização executada. (Registros processados: 1 de um lote de 1)
[2026-06-07 21:30:32] [SUCCESS] [DataSyncProcessor -> PosGraduacoesBibliografias]: Sincronização executada. (Registros processados: 100 de um lote de 100)
[2026-06-07 21:30:34] [SUCCESS] [DataSyncProcessor -> PosgraduacoesAlunosesp]: Sincronização executada. (Registros processados: 158 de um lote de 158)
[2026-06-07 21:30:38] [SUCCESS] [DataSyncProcessor -> PosGraduacoesDocumentacao]: Sincronização executada. (Registros processados: 292 de um lote de 292)
[2026-06-07 21:30:39] [SUCCESS] [DataSyncProcessor -> PosGraduacoesNormasGerais]: Sincronização executada. (Registros processados: 58 de um lote de 58)
[2026-06-07 21:30:44] [SUCCESS] [DataSyncProcessor -> orientadores]: Sincronização executada. (Registros processados: 266 de um lote de 266)
[2026-06-07 21:30:47] [SUCCESS] [DataSyncProcessor -> orientadores_linhaspesq]: Sincronização executada. (Registros processados: 238 de um lote de 238)
[2026-06-07 21:30:49] [SUCCESS] [DataSyncProcessor -> linhapesq]: Sincronização executada. (Registros processados: 58 de um lote de 58)
[2026-06-07 21:30:49] [SUCCESS] [DataSyncProcessor -> secretarias]: Sincronização executada. (Registros processados: 1 de um lote de 1)
[2026-06-07 21:30:49] [SUCCESS] [DataSyncProcessor -> exameSelecaoPosGraduacao]: Sincronização executada. (Registros processados: 17 de um lote de 17)
[2026-06-07 21:30:49] [SUCCESS] [DataSyncProcessor -> areas]: Sincronização executada. (Registros processados: 16 de um lote de 16)
[2026-06-07 21:30:50] [SUCCESS] [DataSyncProcessor -> programas]: Sincronização executada. (Registros processados: 11 de um lote de 11)
[2026-06-07 21:48:04] [SUCCESS] [DataSyncProcessor -> PosGraduacoesBibliografias]: Sincronização executada. (Registros processados: 100 de um lote de 100)
[2026-06-07 21:48:06] [SUCCESS] [DataSyncProcessor -> PosgraduacoesAlunosesp]: Sincronização executada. (Registros processados: 158 de um lote de 158)
[2026-06-07 21:48:10] [SUCCESS] [DataSyncProcessor -> PosGraduacoesDocumentacao]: Sincronização executada. (Registros processados: 292 de um lote de 292)
[2026-06-07 21:48:11] [SUCCESS] [DataSyncProcessor -> PosGraduacoesNormasGerais]: Sincronização executada. (Registros processados: 58 de um lote de 58)
[2026-06-07 21:48:16] [SUCCESS] [DataSyncProcessor -> orientadores]: Sincronização executada. (Registros processados: 266 de um lote de 266)
[2026-06-07 21:48:19] [SUCCESS] [DataSyncProcessor -> orientadores_linhaspesq]: Sincronização executada. (Registros processados: 238 de um lote de 238)
[2026-06-07 21:48:20] [SUCCESS] [DataSyncProcessor -> linhapesq]: Sincronização executada. (Registros processados: 58 de um lote de 58)
[2026-06-07 21:48:20] [SUCCESS] [DataSyncProcessor -> secretarias]: Sincronização executada. (Registros processados: 1 de um lote de 1)
[2026-06-07 21:48:21] [SUCCESS] [DataSyncProcessor -> exameSelecaoPosGraduacao]: Sincronização executada. (Registros processados: 17 de um lote de 17)
[2026-06-07 21:48:21] [SUCCESS] [DataSyncProcessor -> areas]: Sincronização executada. (Registros processados: 16 de um lote de 16)
[2026-06-07 21:48:21] [SUCCESS] [DataSyncProcessor -> programas]: Sincronização executada. (Registros processados: 11 de um lote de 11)
[2026-06-15 21:37:30] [SUCCESS] [DataSyncProcessor -> Posgraduacoes]: Sincronização executada. (Registros processados: 11 de um lote de 11)
[2026-06-15 21:37:32] [SUCCESS] [DataSyncProcessor -> PosGraduacoesBibliografias]: Sincronização executada. (Registros processados: 100 de um lote de 100)
[2026-06-15 21:37:34] [SUCCESS] [DataSyncProcessor -> PosgraduacoesAlunosesp]: Sincronização executada. (Registros processados: 158 de um lote de 158)
[2026-06-15 21:37:38] [SUCCESS] [DataSyncProcessor -> PosGraduacoesDocumentacao]: Sincronização executada. (Registros processados: 292 de um lote de 292)
[2026-06-15 21:37:39] [SUCCESS] [DataSyncProcessor -> PosGraduacoesNormasGerais]: Sincronização executada. (Registros processados: 58 de um lote de 58)
[2026-06-15 21:37:44] [SUCCESS] [DataSyncProcessor -> orientadores]: Sincronização executada. (Registros processados: 266 de um lote de 266)
[2026-06-15 21:37:48] [SUCCESS] [DataSyncProcessor -> orientadores_linhaspesq]: Sincronização executada. (Registros processados: 238 de um lote de 238)
[2026-06-15 21:37:49] [SUCCESS] [DataSyncProcessor -> linhapesq]: Sincronização executada. (Registros processados: 58 de um lote de 58)
[2026-06-15 21:37:49] [SUCCESS] [DataSyncProcessor -> secretarias]: Sincronização executada. (Registros processados: 1 de um lote de 1)
[2026-06-15 21:37:49] [SUCCESS] [DataSyncProcessor -> exameSelecaoPosGraduacao]: Sincronização executada. (Registros processados: 17 de um lote de 17)
[2026-06-15 21:37:49] [SUCCESS] [DataSyncProcessor -> areas]: Sincronização executada. (Registros processados: 16 de um lote de 16)
[2026-06-15 21:37:50] [SUCCESS] [DataSyncProcessor -> programas]: Sincronização executada. (Registros processados: 11 de um lote de 11)
[2026-06-18 00:05:56] [ERROR] [DataSyncProcessor -> noticias]: Falha crítica durante a sincronização incremental. (SQLSTATE[HY000]: General error: 20018 Cannot insert the value NULL into column 'data_inicio', table 'CQRS_Wffclrp.dbo.noticias'; column does not allow nulls. UPDATE fails. [20018] (severity 16) [
                    MERGE [noticias] AS t
                    USING (SELECT '376' AS [id], '15' AS [id_usuario], '1' AS [id_categoria], NULL AS [id_alterou], '9' AS [id_departamento], '0' AS [id_comissoes], '0' AS [id_host], '0' AS [pg_codcur], '0' AS [destaque], NULL AS [data_alterou], 'Ofício GR/CIRC/359, de 26.07.2010' AS [titulo], NULL AS [descricao], '2010-07-29 11:05:00' AS [data], NULL AS [autor], NULL AS [autor_link], NULL AS [fonte], NULL AS [link], 'N' AS [v_portal], 'N' AS [v_oficial], 'N' AS [v_bolsas], NULL AS [data_inicio], NULL AS [data_fim], '29_07_2010__11_05_04__15.pdf' AS [arquivo], 'kurole' AS [arquivo2], '0' AS [publicada], NULL AS [arquivo_ori], NULL AS [arquivo2_ori], NULL AS [evento_inicio], NULL AS [evento_fim], NULL AS [horario_inicio], NULL AS [horario_fim], NULL AS [local], 'f56fcb853d3d20042b1e0d11b9ac67a5' AS [hash_versao], '2026-06-18 00:05:55' AS [middleware_last_updated]) AS s
                    ON (t.[id] = s.[id])
                    WHEN MATCHED THEN UPDATE SET t.[id_usuario] = s.[id_usuario], t.[id_categoria] = s.[id_categoria], t.[id_alterou] = s.[id_alterou], t.[id_departamento] = s.[id_departamento], t.[id_comissoes] = s.[id_comissoes], t.[id_host] = s.[id_host], t.[pg_codcur] = s.[pg_codcur], t.[destaque] = s.[destaque], t.[data_alterou] = s.[data_alterou], t.[titulo] = s.[titulo], t.[descricao] = s.[descricao], t.[data] = s.[data], t.[autor] = s.[autor], t.[autor_link] = s.[autor_link], t.[fonte] = s.[fonte], t.[link] = s.[link], t.[v_portal] = s.[v_portal], t.[v_oficial] = s.[v_oficial], t.[v_bolsas] = s.[v_bolsas], t.[data_inicio] = s.[data_inicio], t.[data_fim] = s.[data_fim], t.[arquivo] = s.[arquivo], t.[arquivo2] = s.[arquivo2], t.[publicada] = s.[publicada], t.[arquivo_ori] = s.[arquivo_ori], t.[arquivo2_ori] = s.[arquivo2_ori], t.[evento_inicio] = s.[evento_inicio], t.[evento_fim] = s.[evento_fim], t.[horario_inicio] = s.[horario_inicio], t.[horario_fim] = s.[horario_fim], t.[local] = s.[local], t.[hash_versao] = s.[hash_versao], t.[middleware_last_updated] = s.[middleware_last_updated]
                    WHEN NOT MATCHED THEN INSERT ([id], [id_usuario], [id_categoria], [id_alterou], [id_departamento], [id_comissoes], [id_host], [pg_codcur], [destaque], [data_alterou], [titulo], [descricao], [data], [autor], [autor_link], [fonte], [link], [v_portal], [v_oficial], [v_bolsas], [data_inicio], [data_fim], [arquivo], [arquivo2], [publicada], [arquivo_ori], [arquivo2_ori], [evento_inicio], [evento_fim], [horario_inicio], [horario_fim], [local], [hash_versao], [middleware_last_updated]) VALUES (s.[id], s.[id_usuario], s.[id_categoria], s.[id_alterou], s.[id_departamento], s.[id_comissoes], s.[id_host], s.[pg_codcur], s.[destaque], s.[data_alterou], s.[titulo], s.[descricao], s.[data], s.[autor], s.[autor_link], s.[fonte], s.[link], s.[v_portal], s.[v_oficial], s.[v_bolsas], s.[data_inicio], s.[data_fim], s.[arquivo], s.[arquivo2], s.[publicada], s.[arquivo_ori], s.[arquivo2_ori], s.[evento_inicio], s.[evento_fim], s.[horario_inicio], s.[horario_fim], s.[local], s.[hash_versao], s.[middleware_last_updated]);
                ])
[2026-06-18 00:12:26] [SUCCESS] [DataSyncProcessor -> noticias]: Sincronização executada. (Registros processados: 296 de um lote de 296)
[2026-06-18 00:12:26] [SUCCESS] [DataSyncProcessor -> noticias_categorias]: Sincronização executada. (Registros processados: 3 de um lote de 3)
[2026-06-18 00:12:26] [SUCCESS] [DataSyncProcessor -> defesas]: Sincronização executada. (Registros processados: 19 de um lote de 19)
[2026-06-18 00:13:20] [SUCCESS] [DataSyncProcessor -> defesas_defendidas]: Sincronização executada. (Registros processados: 2956 de um lote de 2956)
[2026-06-18 00:13:21] [SUCCESS] [DataSyncProcessor -> blocos_old]: Sincronização executada. (Registros processados: 54 de um lote de 54)
[2026-06-18 00:13:22] [SUCCESS] [DataSyncProcessor -> salas_old]: Sincronização executada. (Registros processados: 46 de um lote de 46)
[2026-06-18 00:13:22] [SUCCESS] [DataSyncProcessor -> editais]: Sincronização executada. (Registros processados: 13 de um lote de 13)
[2026-06-18 00:13:22] [SUCCESS] [DataSyncProcessor -> editais_categorias]: Sincronização executada. (Registros processados: 2 de um lote de 2)
[2026-06-18 00:13:28] [SUCCESS] [DataSyncProcessor -> formularios]: Sincronização executada. (Registros processados: 288 de um lote de 288)
[2026-06-18 00:13:32] [SUCCESS] [DataSyncProcessor -> indexadorPortalProducoesCientificas]: Sincronização executada. (Registros processados: 178 de um lote de 178)
[2026-06-18 00:22:42] [SUCCESS] [DataSyncProcessor -> CVLATTES]: Sincronização executada. (Registros processados: 15344 de um lote de 15344)
[2026-06-18 00:22:42] [SUCCESS] [DataSyncProcessor -> FormsOnline]: Sincronização executada. (Registros processados: 14 de um lote de 14)
[2026-06-18 00:22:42] [ERROR] [DataSyncProcessor -> R25CRECREDOC]: Falha crítica durante a sincronização incremental. (SQLSTATE[HY000]: General error: 20018 Cannot update a timestamp column. [20018] (severity 16) [
                    MERGE [R25CRECREDOC] AS t
                    USING (SELECT '59131' AS [codare], 'DO' AS [nivare], '66011' AS [codpes], '2019-09-05 00:00:00' AS [dtavalini], 'ORI' AS [tiport], '2024-09-05 00:00:00' AS [dtavalfim], 'Ø' AS [timestamp], '2019-08-08 00:00:00' AS [dtaaprcpg], NULL AS [dtaaprcog], '2142642' AS [codpesalt], '2019-07-23 00:00:00' AS [dtaaprccp], 'S' AS [stardmort], '2019-08-08 00:00:00' AS [dtacad], '2142642' AS [codpescad], '2019-08-08 00:00:00' AS [dtaultalt], NULL AS [codmotcdmort], NULL AS [codmotcancdm], 'e60074a50face303dbb6d0eb59e7fe47' AS [hash_versao]) AS s
                    ON (t.[codare] = s.[codare] AND t.[nivare] = s.[nivare] AND t.[codpes] = s.[codpes] AND t.[dtavalini] = s.[dtavalini] AND t.[tiport] = s.[tiport])
                    WHEN MATCHED THEN UPDATE SET t.[dtavalfim] = s.[dtavalfim], t.[timestamp] = s.[timestamp], t.[dtaaprcpg] = s.[dtaaprcpg], t.[dtaaprcog] = s.[dtaaprcog], t.[codpesalt] = s.[codpesalt], t.[dtaaprccp] = s.[dtaaprccp], t.[stardmort] = s.[stardmort], t.[dtacad] = s.[dtacad], t.[codpescad] = s.[codpescad], t.[dtaultalt] = s.[dtaultalt], t.[codmotcdmort] = s.[codmotcdmort], t.[codmotcancdm] = s.[codmotcancdm], t.[hash_versao] = s.[hash_versao]
                    WHEN NOT MATCHED THEN INSERT ([codare], [nivare], [codpes], [dtavalini], [tiport], [dtavalfim], [timestamp], [dtaaprcpg], [dtaaprcog], [codpesalt], [dtaaprccp], [stardmort], [dtacad], [codpescad], [dtaultalt], [codmotcdmort], [codmotcancdm], [hash_versao]) VALUES (s.[codare], s.[nivare], s.[codpes], s.[dtavalini], s.[tiport], s.[dtavalfim], s.[timestamp], s.[dtaaprcpg], s.[dtaaprcog], s.[codpesalt], s.[dtaaprccp], s.[stardmort], s.[dtacad], s.[codpescad], s.[dtaultalt], s.[codmotcdmort], s.[codmotcancdm], s.[hash_versao]);
                ])
[2026-06-18 00:35:18] [SUCCESS] [DataSyncProcessor -> FormsOnline]: Sincronização executada. (Registros processados: 3 de um lote de 14)
[2026-06-18 00:35:18] [ERROR] [DataSyncProcessor -> R25CRECREDOC]: Falha crítica durante a sincronização incremental. (SQLSTATE[HY093]: Invalid parameter number: number of bound variables does not match number of tokens)
[2026-06-18 00:37:53] [SUCCESS] [DataSyncProcessor -> FormsOnline]: Sincronização executada. (Registros processados: 3 de um lote de 14)
[2026-06-18 00:38:07] [SUCCESS] [DataSyncProcessor -> R25CRECREDOC]: Sincronização executada. (Registros processados: 609 de um lote de 609)
[2026-06-18 00:45:42] [SUCCESS] [DataSyncProcessor -> FormsOnline]: Sincronização executada. (Registros processados: 3 de um lote de 14)
[2026-06-18 01:17:28] [SUCCESS] [DataSyncProcessor -> PESSOA]: Sincronização executada. (Registros processados: 67678 de um lote de 67678)
[2026-06-18 01:17:38] [SUCCESS] [DataSyncProcessor -> AREA]: Sincronização executada. (Registros processados: 774 de um lote de 774)
[2026-06-18 01:17:53] [SUCCESS] [DataSyncProcessor -> NOMEAREA]: Sincronização executada. (Registros processados: 1055 de um lote de 1055)
[2026-06-18 01:17:54] [SUCCESS] [DataSyncProcessor -> DISCIPLINA]: Sincronização executada. (Registros processados: 65 de um lote de 65)
[2026-06-18 01:17:54] [ERROR] [DataSyncProcessor -> OFERECIMENTO]: Falha crítica durante a sincronização incremental. (SQLSTATE[HY000]: General error: 20018 Cannot insert the value NULL into column 'dtaalt', table 'CQRS_FFCLRP.dbo.OFERECIMENTO'; column does not allow nulls. UPDATE fails. [20018] (severity 16) [
                MERGE [OFERECIMENTO] AS t
                USING (SELECT NULL AS [codofeatvceu], NULL AS [codund], NULL AS [codcurceu], NULL AS [codpgmceu], NULL AS [codatvceu], NULL AS [codedicurceu], NULL AS [qtdvagofe], NULL AS [idfusuinc], NULL AS [dtainc], NULL AS [idfusualt], NULL AS [dtaalt], NULL AS [dtainiofeatv], NULL AS [dtafimofeatv], NULL AS [numseqofeedi], 'c39abeedea0709527c80d525fb5ec01a' AS [hash_versao], '2026-06-18 01:17:54' AS [middleware_last_updated]) AS s
                ON (t.[codofeatvceu] = s.[codofeatvceu])
                WHEN MATCHED THEN UPDATE SET t.[codund] = s.[codund], t.[codcurceu] = s.[codcurceu], t.[codpgmceu] = s.[codpgmceu], t.[codatvceu] = s.[codatvceu], t.[codedicurceu] = s.[codedicurceu], t.[qtdvagofe] = s.[qtdvagofe], t.[idfusuinc] = s.[idfusuinc], t.[dtainc] = s.[dtainc], t.[idfusualt] = s.[idfusualt], t.[dtaalt] = s.[dtaalt], t.[dtainiofeatv] = s.[dtainiofeatv], t.[dtafimofeatv] = s.[dtafimofeatv], t.[numseqofeedi] = s.[numseqofeedi], t.[hash_versao] = s.[hash_versao], t.[middleware_last_updated] = s.[middleware_last_updated]
                WHEN NOT MATCHED THEN INSERT ([codofeatvceu], [codund], [codcurceu], [codpgmceu], [codatvceu], [codedicurceu], [qtdvagofe], [idfusuinc], [dtainc], [idfusualt], [dtaalt], [dtainiofeatv], [dtafimofeatv], [numseqofeedi], [hash_versao], [middleware_last_updated]) VALUES (s.[codofeatvceu], s.[codund], s.[codcurceu], s.[codpgmceu], s.[codatvceu], s.[codedicurceu], s.[qtdvagofe], s.[idfusuinc], s.[dtainc], s.[idfusualt], s.[dtaalt], s.[dtainiofeatv], s.[dtafimofeatv], s.[numseqofeedi], s.[hash_versao], s.[middleware_last_updated]);
            ])
[2026-06-18 08:46:05] [SUCCESS] [DataSyncProcessor -> FormsOnline]: Sincronização executada. (Registros processados: 3 de um lote de 14)
[2026-06-18 08:49:43] [SUCCESS] [DataSyncProcessor -> OFERECIMENTO]: Sincronização executada. (Registros processados: 11188 de um lote de 11188)
[2026-06-18 08:53:53] [SUCCESS] [DataSyncProcessor -> R32TURMINDOC]: Sincronização executada. (Registros processados: 17077 de um lote de 17077)
[2026-06-18 08:53:53] [ERROR] [DataSyncProcessor -> R27DISMINCRE]: Falha crítica durante a sincronização incremental. (SQLSTATE[HY000]: General error: 20018 Invalid object name 'codare'. [20018] (severity 16) [SELECT * FROM [codare]])
[2026-06-18 09:14:32] [SUCCESS] [DataSyncProcessor -> FormsOnline]: Sincronização executada. (Registros processados: 3 de um lote de 14)
[2026-06-18 09:15:52] [SUCCESS] [DataSyncProcessor -> R27DISMINCRE]: Sincronização executada. (Registros processados: 4965 de um lote de 4965)
[2026-06-18 09:16:59] [SUCCESS] [DataSyncProcessor -> R39PGMORIDOC]: Sincronização executada. (Registros processados: 3538 de um lote de 3538)
[2026-06-18 09:17:02] [ERROR] [DataSyncProcessor -> R10DOCCOOCUR]: Falha crítica durante a sincronização incremental. (SQLSTATE[HY000]: General error: 20018 Cannot insert the value NULL into column 'dtafimfnc', table 'CQRS_FFCLRP.dbo.R10DOCCOOCUR'; column does not allow nulls. UPDATE fails. [20018] (severity 16) [
                MERGE [R10DOCCOOCUR] AS t
                USING (SELECT '3008' AS [codcur], '1711224' AS [codpes], '2024-10-02 00:00:00' AS [dtainifnc], NULL AS [dtafimfnc], 'VCO' AS [fncpescur], '4a1d4c02c1d6fab83525cf3dc6903ef6' AS [hash_versao], '2026-06-18 09:16:59' AS [middleware_last_updated]) AS s
                ON (t.[codcur] = s.[codcur] AND t.[codpes] = s.[codpes] AND t.[dtainifnc] = s.[dtainifnc])
                WHEN MATCHED THEN UPDATE SET t.[dtafimfnc] = s.[dtafimfnc], t.[fncpescur] = s.[fncpescur], t.[hash_versao] = s.[hash_versao], t.[middleware_last_updated] = s.[middleware_last_updated]
                WHEN NOT MATCHED THEN INSERT ([codcur], [codpes], [dtainifnc], [dtafimfnc], [fncpescur], [hash_versao], [middleware_last_updated]) VALUES (s.[codcur], s.[codpes], s.[dtainifnc], s.[dtafimfnc], s.[fncpescur], s.[hash_versao], s.[middleware_last_updated]);
            ])
[2026-06-18 09:22:29] [SUCCESS] [DataSyncProcessor -> FormsOnline]: Sincronização executada. (Registros processados: 3 de um lote de 14)
[2026-06-18 09:22:41] [ERROR] [DataSyncProcessor -> R10DOCCOOCUR]: Falha crítica durante a sincronização incremental. (SQLSTATE[HY000]: General error: 20018 Cannot insert the value NULL into column 'dtafimfnc', table 'CQRS_FFCLRP.dbo.R10DOCCOOCUR'; column does not allow nulls. UPDATE fails. [20018] (severity 16) [
                MERGE [R10DOCCOOCUR] AS t
                USING (SELECT '3008' AS [codcur], '1711224' AS [codpes], '2024-10-02 00:00:00' AS [dtainifnc], NULL AS [dtafimfnc], 'VCO' AS [fncpescur], '4a1d4c02c1d6fab83525cf3dc6903ef6' AS [hash_versao], '2026-06-18 09:22:41' AS [middleware_last_updated]) AS s
                ON (t.[codcur] = s.[codcur] AND t.[codpes] = s.[codpes] AND t.[dtainifnc] = s.[dtainifnc])
                WHEN MATCHED THEN UPDATE SET t.[dtafimfnc] = s.[dtafimfnc], t.[fncpescur] = s.[fncpescur], t.[hash_versao] = s.[hash_versao], t.[middleware_last_updated] = s.[middleware_last_updated]
                WHEN NOT MATCHED THEN INSERT ([codcur], [codpes], [dtainifnc], [dtafimfnc], [fncpescur], [hash_versao], [middleware_last_updated]) VALUES (s.[codcur], s.[codpes], s.[dtainifnc], s.[dtafimfnc], s.[fncpescur], s.[hash_versao], s.[middleware_last_updated]);
            ])
[2026-06-18 09:23:15] [SUCCESS] [DataSyncProcessor -> FormsOnline]: Sincronização executada. (Registros processados: 3 de um lote de 14)
[2026-06-18 09:24:44] [SUCCESS] [DataSyncProcessor -> R10DOCCOOCUR]: Sincronização executada. (Registros processados: 6126 de um lote de 6126)
[2026-06-18 09:26:23] [SUCCESS] [DataSyncProcessor -> QUALIFICACAO]: Sincronização executada. (Registros processados: 5843 de um lote de 5843)
[2026-06-18 09:26:24] [ERROR] [DataSyncProcessor -> VINCULOPESSOAUSP]: Falha crítica durante a sincronização incremental. (SQLSTATE[HY000]: General error: 20018 Cannot insert the value NULL into column 'dtafimvin', table 'CQRS_FFCLRP.dbo.VINCULOPESSOAUSP'; column does not allow nulls. UPDATE fails. [20018] (severity 16) [
                MERGE [VINCULOPESSOAUSP] AS t
                USING (SELECT '3375460' AS [codpes], '0' AS [numseqpes], 'EXTERNO' AS [tipvin], '2000-04-03 00:00:00' AS [dtainivin], NULL AS [dtafimvin], 'A' AS [sitatl], '2000-04-03 00:00:00' AS [dtainisitatl], NULL AS [codund], NULL AS [codset], NULL AS [codclg], NULL AS [sglclg], NULL AS [codfusclgund], 'V' AS [stabcocadvin], NULL AS [numviactiusp], NULL AS [codctlemi], NULL AS [dtaemicti], NULL AS [codfncsrvhpt], NULL AS [tiping], NULL AS [sitoco], NULL AS [dtainisitoco], NULL AS [dtafimsitoco], NULL AS [nivesc], NULL AS [codesc], NULL AS [grufor], NULL AS [stavrfsat], NULL AS [codcurgrd], NULL AS [codhab], NULL AS [codare], NULL AS [nivpgm], NULL AS [numseqpgm], NULL AS [codsel], NULL AS [nomcaa], NULL AS [codcla], NULL AS [nomabvcla], NULL AS [nivgrupvm], NULL AS [codfnc], NULL AS [nomabvfnc], NULL AS [tipfnc], NULL AS [dtainisitfun], NULL AS [tipjor], NULL AS [tipmer], NULL AS [tipcon], NULL AS [dtainidctati], NULL AS [dtafimdctati], NULL AS [codpestem], NULL AS [gruprt], NULL AS [stadpdfol], NULL AS [stadpdpenalm], NULL AS [stadpd_hu], NULL AS [stadpdcch], NULL AS [dtainicms], NULL AS [dtafimcms], NULL AS [idforicms], NULL AS [codorgcms], NULL AS [stapsuacu], NULL AS [codorgacu], '2020-12-22 08:00:00' AS [dtaultalt], '0' AS [timestamp], NULL AS [dtavalctiusp], 'Clinton Stefano Fernandes' AS [nompes], 'CLIMDOM SDIFANO FIRNAMDIS' AS [nompesfon], NULL AS [sitctousp], NULL AS [nommdlceu], NULL AS [codundfis], NULL AS [numseqendusp], '585007f46503ba357a4413f95527d97b' AS [hash_versao]) AS s
                ON (t.[codpes] = s.[codpes] AND t.[numseqpes] = s.[numseqpes] AND t.[tipvin] = s.[tipvin])
                WHEN MATCHED THEN UPDATE SET t.[dtainivin] = s.[dtainivin], t.[dtafimvin] = s.[dtafimvin], t.[sitatl] = s.[sitatl], t.[dtainisitatl] = s.[dtainisitatl], t.[codund] = s.[codund], t.[codset] = s.[codset], t.[codclg] = s.[codclg], t.[sglclg] = s.[sglclg], t.[codfusclgund] = s.[codfusclgund], t.[stabcocadvin] = s.[stabcocadvin], t.[numviactiusp] = s.[numviactiusp], t.[codctlemi] = s.[codctlemi], t.[dtaemicti] = s.[dtaemicti], t.[codfncsrvhpt] = s.[codfncsrvhpt], t.[tiping] = s.[tiping], t.[sitoco] = s.[sitoco], t.[dtainisitoco] = s.[dtainisitoco], t.[dtafimsitoco] = s.[dtafimsitoco], t.[nivesc] = s.[nivesc], t.[codesc] = s.[codesc], t.[grufor] = s.[grufor], t.[stavrfsat] = s.[stavrfsat], t.[codcurgrd] = s.[codcurgrd], t.[codhab] = s.[codhab], t.[codare] = s.[codare], t.[nivpgm] = s.[nivpgm], t.[numseqpgm] = s.[numseqpgm], t.[codsel] = s.[codsel], t.[nomcaa] = s.[nomcaa], t.[codcla] = s.[codcla], t.[nomabvcla] = s.[nomabvcla], t.[nivgrupvm] = s.[nivgrupvm], t.[codfnc] = s.[codfnc], t.[nomabvfnc] = s.[nomabvfnc], t.[tipfnc] = s.[tipfnc], t.[dtainisitfun] = s.[dtainisitfun], t.[tipjor] = s.[tipjor], t.[tipmer] = s.[tipmer], t.[tipcon] = s.[tipcon], t.[dtainidctati] = s.[dtainidctati], t.[dtafimdctati] = s.[dtafimdctati], t.[codpestem] = s.[codpestem], t.[gruprt] = s.[gruprt], t.[stadpdfol] = s.[stadpdfol], t.[stadpdpenalm] = s.[stadpdpenalm], t.[stadpd_hu] = s.[stadpd_hu], t.[stadpdcch] = s.[stadpdcch], t.[dtainicms] = s.[dtainicms], t.[dtafimcms] = s.[dtafimcms], t.[idforicms] = s.[idforicms], t.[codorgcms] = s.[codorgcms], t.[stapsuacu] = s.[stapsuacu], t.[codorgacu] = s.[codorgacu], t.[dtaultalt] = s.[dtaultalt], t.[timestamp] = s.[timestamp], t.[dtavalctiusp] = s.[dtavalctiusp], t.[nompes] = s.[nompes], t.[nompesfon] = s.[nompesfon], t.[sitctousp] = s.[sitctousp], t.[nommdlceu] = s.[nommdlceu], t.[codundfis] = s.[codundfis], t.[numseqendusp] = s.[numseqendusp], t.[hash_versao] = s.[hash_versao]
                WHEN NOT MATCHED THEN INSERT ([codpes], [numseqpes], [tipvin], [dtainivin], [dtafimvin], [sitatl], [dtainisitatl], [codund], [codset], [codclg], [sglclg], [codfusclgund], [stabcocadvin], [numviactiusp], [codctlemi], [dtaemicti], [codfncsrvhpt], [tiping], [sitoco], [dtainisitoco], [dtafimsitoco], [nivesc], [codesc], [grufor], [stavrfsat], [codcurgrd], [codhab], [codare], [nivpgm], [numseqpgm], [codsel], [nomcaa], [codcla], [nomabvcla], [nivgrupvm], [codfnc], [nomabvfnc], [tipfnc], [dtainisitfun], [tipjor], [tipmer], [tipcon], [dtainidctati], [dtafimdctati], [codpestem], [gruprt], [stadpdfol], [stadpdpenalm], [stadpd_hu], [stadpdcch], [dtainicms], [dtafimcms], [idforicms], [codorgcms], [stapsuacu], [codorgacu], [dtaultalt], [timestamp], [dtavalctiusp], [nompes], [nompesfon], [sitctousp], [nommdlceu], [codundfis], [numseqendusp], [hash_versao]) VALUES (s.[codpes], s.[numseqpes], s.[tipvin], s.[dtainivin], s.[dtafimvin], s.[sitatl], s.[dtainisitatl], s.[codund], s.[codset], s.[codclg], s.[sglclg], s.[codfusclgund], s.[stabcocadvin], s.[numviactiusp], s.[codctlemi], s.[dtaemicti], s.[codfncsrvhpt], s.[tiping], s.[sitoco], s.[dtainisitoco], s.[dtafimsitoco], s.[nivesc], s.[codesc], s.[grufor], s.[stavrfsat], s.[codcurgrd], s.[codhab], s.[codare], s.[nivpgm], s.[numseqpgm], s.[codsel], s.[nomcaa], s.[codcla], s.[nomabvcla], s.[nivgrupvm], s.[codfnc], s.[nomabvfnc], s.[tipfnc], s.[dtainisitfun], s.[tipjor], s.[tipmer], s.[tipcon], s.[dtainidctati], s.[dtafimdctati], s.[codpestem], s.[gruprt], s.[stadpdfol], s.[stadpdpenalm], s.[stadpd_hu], s.[stadpdcch], s.[dtainicms], s.[dtafimcms], s.[idforicms], s.[codorgcms], s.[stapsuacu], s.[codorgacu], s.[dtaultalt], s.[timestamp], s.[dtavalctiusp], s.[nompes], s.[nompesfon], s.[sitctousp], s.[nommdlceu], s.[codundfis], s.[numseqendusp], s.[hash_versao]);
            ])
[2026-06-18 09:30:09] [SUCCESS] [DataSyncProcessor -> FormsOnline]: Sincronização executada. (Registros processados: 3 de um lote de 14)
[2026-06-18 09:48:20] [SUCCESS] [DataSyncProcessor -> VINCULOPESSOAUSP]: Sincronização executada. (Registros processados: 30977 de um lote de 30977)
[2026-06-18 10:00:46] [SUCCESS] [DataSyncProcessor -> R48PGMTRBDOC]: Sincronização executada. (Registros processados: 45672 de um lote de 45672)
[2026-06-18 10:07:32] [SUCCESS] [DataSyncProcessor -> AGPROGRAMA]: Sincronização executada. (Registros processados: 18956 de um lote de 18956)
[2026-06-18 10:07:50] [SUCCESS] [DataSyncProcessor -> CREDAREA]: Sincronização executada. (Registros processados: 1344 de um lote de 1344)
[2026-06-18 10:34:24] [SUCCESS] [DataSyncProcessor -> EMAILPESSOA]: Sincronização executada. (Registros processados: 107297 de um lote de 107297)
[2026-06-18 10:34:33] [SUCCESS] [DataSyncProcessor -> CURSO]: Sincronização executada. (Registros processados: 548 de um lote de 548)
[2026-06-18 15:37:30] [SUCCESS] [DataSyncProcessor -> FormsOnline]: Sincronização executada. (Registros processados: 3 de um lote de 14)
[2026-06-18 15:39:09] [SUCCESS] [DataSyncProcessor -> FormsOnline]: Sincronização executada. (Registros processados: 3 de um lote de 14)
[2026-06-18 15:41:35] [SUCCESS] [DataSyncProcessor -> FormsOnline]: Sincronização executada. (Registros processados: 3 de um lote de 14)
[2026-06-18 15:43:45] [SUCCESS] [DataSyncProcessor -> FormsOnline]: Sincronização executada. (Registros processados: 3 de um lote de 14)
[2026-06-18 15:45:36] [SUCCESS] [DataSyncProcessor -> FormsOnline]: Sincronização executada. (Registros processados: 3 de um lote de 14)
[2026-06-18 15:47:12] [SUCCESS] [DataSyncProcessor -> FormsOnline]: Sincronização executada. (Registros processados: 3 de um lote de 14)
[2026-06-18 15:48:47] [SUCCESS] [DataSyncProcessor -> FormsOnline]: Sincronização executada. (Registros processados: 3 de um lote de 14)
[2026-06-18 15:50:36] [SUCCESS] [DataSyncProcessor -> FormsOnline]: Sincronização executada. (Registros processados: 3 de um lote de 14)
[2026-06-18 15:52:27] [SUCCESS] [DataSyncProcessor -> FormsOnline]: Sincronização executada. (Registros processados: 3 de um lote de 14)
[2026-06-18 15:53:31] [SUCCESS] [DataSyncProcessor -> FormsOnline]: Sincronização executada. (Registros processados: 3 de um lote de 14 em 56.07ms)
[2026-06-18 15:55:03] [SUCCESS] [DataSyncProcessor -> FormsOnline]: Sincronização executada. (Registros processados: 3 de um lote de 14 em 52.58ms)
[2026-06-18 15:56:31] [SUCCESS] [DataSyncProcessor -> FormsOnline]: Sincronização executada. (Registros processados: 3 de um lote de 14 em 61.17ms)
